// Jest Snapshot v1, https://goo.gl/fbAQLP

exports[`LandingSubscription Component should match the snapshot 1`] = `
<div>
  <div
    class="w-full px-4 sm:px-8 lg:px-12 overflow-hidden"
  >
    <div
      class="grid grid-cols-1 md:grid-cols-12 gap-6"
    >
      <div
        data-testid="subscription-form"
      >
        Subscription Form
      </div>
      <div
        data-testid="links-card"
      >
        Links Card
      </div>
    </div>
    <div
      data-testid="footer"
    >
      Footer
    </div>
  </div>
</div>
`;
